// Jest Snapshot v1, https://goo.gl/fbAQLP

exports[`h h should render correctly 1`] = `ShallowWrapper {}`;
