// Jest Snapshot v1, https://goo.gl/fbAQLP

exports[`Login Login should render correctly 1`] = `
<div
  className="form"
>
  <h1>
    Connectez-Vous
  </h1>
  <br />
  <form
    onSubmit={[Function]}
  >
    <label
      htmlFor="pseudo"
    >
      Pseudo :  
    </label>
    <input
      className="ant-input input"
      id="pseudo"
      name="pseudo"
      onChange={[Function]}
      onKeyDown={[Function]}
      placeholder="Entrer votre pseudo"
      required={true}
      type="text"
      value=""
    />
     
    <br />
    <br />
    <label
      htmlFor="password"
    >
      Mot de passe : 
    </label>
    <input
      className="ant-input input"
      id="password"
      name="password"
      onChange={[Function]}
      onKeyDown={[Function]}
      placeholder="Entrer votre mot de passe"
      required={true}
      type="password"
      value=""
    />
     
    <br />
    <br />
    <br />
    <button
      className="ant-btn"
      onClick={[Function]}
      type="submit"
    >
      <span>
        Valider
      </span>
    </button>
    <p>
      
      <br />
      <a
        href="/signup"
      >
        Pas encore inscrit ?
      </a>
    </p>
  </form>
</div>
`;
